[0;32m[10:27:30][0m ==========================================
[0;32m[10:27:30][0m Training Monitor Started
[0;32m[10:27:30][0m ==========================================
[0;32m[10:27:30][0m Checking every 300 seconds
[0;32m[10:27:30][0m 
[0;32m[10:28:55][0m ==========================================
[0;32m[10:28:55][0m Training Monitor Started
[0;32m[10:28:55][0m ==========================================
[0;32m[10:28:55][0m Checking every 300 seconds
[0;32m[10:28:55][0m 
[0;32m[10:28:55][0m === Check #1 ===
[0;32m[10:28:57][0m ⏳ Base still training...
[0;32m[10:28:59][0m ⏳ Medium still training...
[0;32m[10:29:01][0m ⏳ Large still training...
[0;32m[10:29:01][0m Next check in 300 seconds...
[0;32m[10:29:01][0m 
[0;32m[10:34:02][0m === Check #2 ===
[0;32m[10:34:04][0m ⏳ Base still training...
[0;32m[10:34:06][0m ⏳ Medium still training...
[0;32m[10:34:08][0m ⏳ Large still training...
[0;32m[10:34:08][0m Next check in 300 seconds...
[0;32m[10:34:08][0m 
[0;32m[10:39:08][0m === Check #3 ===
[0;32m[10:39:10][0m ⏳ Base still training...
[0;32m[10:39:12][0m ⏳ Medium still training...
[0;32m[10:39:14][0m ⏳ Large still training...
[0;32m[10:39:14][0m Next check in 300 seconds...
[0;32m[10:39:14][0m 
[0;32m[10:44:14][0m === Check #4 ===
[0;32m[10:44:16][0m ⏳ Base still training...
[0;32m[10:44:18][0m ⏳ Medium still training...
[0;32m[10:44:20][0m ⏳ Large still training...
[0;32m[10:44:20][0m Next check in 300 seconds...
[0;32m[10:44:20][0m 
[0;32m[10:49:20][0m === Check #5 ===
[0;32m[10:49:23][0m ⏳ Base still training...
[0;32m[10:49:25][0m ⏳ Medium still training...
[0;32m[10:49:27][0m ⏳ Large still training...
[0;32m[10:49:27][0m Next check in 300 seconds...
[0;32m[10:49:27][0m 
[0;32m[10:54:27][0m === Check #6 ===
[0;32m[10:54:29][0m ⏳ Base still training...
[0;32m[10:54:31][0m ⏳ Medium still training...
[0;32m[10:54:33][0m ⏳ Large still training...
[0;32m[10:54:33][0m Next check in 300 seconds...
[0;32m[10:54:33][0m 
[0;32m[10:59:33][0m === Check #7 ===
[0;32m[10:59:35][0m ⏳ Base still training...
[0;32m[10:59:37][0m ⏳ Medium still training...
[0;32m[10:59:39][0m ⏳ Large still training...
[0;32m[10:59:39][0m Next check in 300 seconds...
[0;32m[10:59:39][0m 
[0;32m[11:04:40][0m === Check #8 ===
[0;32m[11:04:42][0m ⏳ Base still training...
[0;32m[11:04:44][0m ⏳ Medium still training...
[0;32m[11:04:46][0m ⏳ Large still training...
[0;32m[11:04:46][0m Next check in 300 seconds...
[0;32m[11:04:46][0m 
[0;32m[11:09:46][0m === Check #9 ===
[0;32m[11:09:56][0m ⏳ Base still training...
[0;32m[11:09:58][0m ⏳ Medium still training...
[0;32m[11:10:00][0m ⏳ Large still training...
[0;32m[11:10:00][0m Next check in 300 seconds...
[0;32m[11:10:00][0m 
[0;32m[11:15:00][0m === Check #10 ===
[0;32m[11:15:05][0m ⏳ Base still training...
[0;32m[11:15:07][0m ⏳ Medium still training...
[0;32m[11:15:09][0m ⏳ Large still training...
[0;32m[11:15:09][0m Next check in 300 seconds...
[0;32m[11:15:09][0m 
[0;32m[11:20:09][0m === Check #11 ===
[0;32m[11:20:11][0m ⏳ Base still training...
[0;32m[11:20:13][0m ⏳ Medium still training...
[0;32m[11:20:22][0m ⏳ Large still training...
[0;32m[11:20:23][0m Next check in 300 seconds...
[0;32m[11:20:23][0m 
[0;32m[11:25:23][0m === Check #12 ===
[0;32m[11:25:25][0m ⏳ Base still training...
[0;32m[11:25:27][0m ⏳ Medium still training...
[0;32m[11:25:29][0m ⏳ Large still training...
[0;32m[11:25:29][0m Next check in 300 seconds...
[0;32m[11:25:29][0m 
[0;32m[11:30:29][0m === Check #13 ===
[0;32m[11:30:38][0m ⏳ Base still training...
[0;32m[11:30:40][0m ⏳ Medium still training...
[0;32m[11:30:42][0m ⏳ Large still training...
[0;32m[11:30:42][0m Next check in 300 seconds...
[0;32m[11:30:42][0m 
[0;32m[11:35:42][0m === Check #14 ===
[0;32m[11:35:44][0m ⏳ Base still training...
[0;32m[11:35:46][0m ⏳ Medium still training...
[0;32m[11:35:48][0m ⏳ Large still training...
[0;32m[11:35:48][0m Next check in 300 seconds...
[0;32m[11:35:48][0m 
[0;32m[11:40:48][0m === Check #15 ===
[0;32m[11:40:50][0m ⏳ Base still training...
[0;32m[11:40:52][0m ⏳ Medium still training...
[0;32m[11:40:56][0m ⏳ Large still training...
[0;32m[11:40:56][0m Next check in 300 seconds...
[0;32m[11:40:56][0m 
[0;32m[11:45:56][0m === Check #16 ===
[0;32m[11:45:58][0m ⏳ Base still training...
[0;32m[11:46:00][0m ⏳ Medium still training...
[0;32m[11:46:02][0m ⏳ Large still training...
[0;32m[11:46:02][0m Next check in 300 seconds...
[0;32m[11:46:02][0m 
[0;32m[11:51:02][0m === Check #17 ===
[0;32m[11:51:04][0m ⏳ Base still training...
[0;32m[11:51:06][0m ⏳ Medium still training...
[0;32m[11:51:08][0m ⏳ Large still training...
[0;32m[11:51:08][0m Next check in 300 seconds...
[0;32m[11:51:09][0m 
[0;32m[11:56:09][0m === Check #18 ===
[0;32m[11:56:11][0m ⏳ Base still training...
[0;32m[11:56:19][0m ⏳ Medium still training...
[0;32m[11:56:21][0m ⏳ Large still training...
[0;32m[11:56:21][0m Next check in 300 seconds...
[0;32m[11:56:21][0m 
[0;32m[12:01:21][0m === Check #19 ===
[0;32m[12:01:26][0m ⏳ Base still training...
[0;32m[12:01:28][0m ⏳ Medium still training...
[0;32m[12:01:30][0m ⏳ Large still training...
[0;32m[12:01:30][0m Next check in 300 seconds...
[0;32m[12:01:30][0m 
[0;32m[12:06:30][0m === Check #20 ===
[0;32m[12:06:33][0m ⏳ Base still training...
[0;32m[12:06:35][0m ⏳ Medium still training...
[0;32m[12:06:37][0m ⏳ Large still training...
[0;32m[12:06:37][0m Next check in 300 seconds...
[0;32m[12:06:37][0m 
[0;32m[12:11:37][0m === Check #21 ===
[0;32m[12:11:39][0m ⏳ Base still training...
[0;32m[12:11:41][0m ⏳ Medium still training...
[0;32m[12:11:43][0m ⏳ Large still training...
[0;32m[12:11:43][0m Next check in 300 seconds...
[0;32m[12:11:43][0m 
[0;32m[12:16:44][0m === Check #22 ===
[0;32m[12:16:50][0m ⏳ Base still training...
[0;32m[12:16:52][0m ⏳ Medium still training...
[0;32m[12:16:54][0m ⏳ Large still training...
[0;32m[12:16:54][0m Next check in 300 seconds...
[0;32m[12:16:54][0m 
[0;32m[12:21:55][0m === Check #23 ===
[0;32m[12:21:57][0m ⏳ Base still training...
[0;32m[12:21:59][0m ⏳ Medium still training...
[0;32m[12:22:01][0m ⏳ Large still training...
[0;32m[12:22:01][0m Next check in 300 seconds...
[0;32m[12:22:01][0m 
[0;32m[12:27:01][0m === Check #24 ===
[0;32m[12:27:09][0m ⏳ Base still training...
[0;32m[12:27:11][0m ⏳ Medium still training...
[0;32m[12:27:14][0m ⏳ Large still training...
[0;32m[12:27:14][0m Next check in 300 seconds...
[0;32m[12:27:14][0m 
[0;32m[12:32:14][0m === Check #25 ===
[0;32m[12:32:16][0m ⏳ Base still training...
[0;32m[12:32:19][0m ⏳ Medium still training...
[0;32m[12:32:21][0m ⏳ Large still training...
[0;32m[12:32:21][0m Next check in 300 seconds...
[0;32m[12:32:21][0m 
[0;32m[12:32:51][0m ==========================================
[0;32m[12:32:51][0m Training Monitor Started
[0;32m[12:32:51][0m ==========================================
[0;32m[12:32:51][0m Checking every 300 seconds
[0;32m[12:32:51][0m 
[0;32m[12:32:51][0m === Check #1 ===
[0;32m[12:33:00][0m ✓ Base COMPLETED!
[0;32m[12:33:00][0m Downloading Base from 18.234.96.235...
[0;32m[12:33:56][0m ✓ Base downloaded!
[0;32m[12:33:58][0m ⏳ Medium still training...
[0;32m[12:34:00][0m ⏳ Large still training...
[0;32m[12:34:00][0m Next check in 300 seconds...
[0;32m[12:34:00][0m 
[0;32m[12:37:21][0m === Check #26 ===
[0;32m[12:37:25][0m ⏳ Base still training...
[0;32m[12:37:28][0m ⏳ Medium still training...
[0;32m[12:37:38][0m ⏳ Large still training...
[0;32m[12:37:38][0m Next check in 300 seconds...
[0;32m[12:37:38][0m 
[0;32m[12:39:00][0m === Check #2 ===
[0;32m[12:39:02][0m ⏳ Medium still training...
[0;32m[12:39:04][0m ⏳ Large still training...
[0;32m[12:39:04][0m Next check in 300 seconds...
[0;32m[12:39:04][0m 
[0;32m[12:42:38][0m === Check #27 ===
[0;32m[12:42:46][0m ⏳ Base still training...
[0;32m[12:42:48][0m ⏳ Medium still training...
[0;32m[12:42:51][0m ⏳ Large still training...
[0;32m[12:42:51][0m Next check in 300 seconds...
[0;32m[12:42:51][0m 
[0;32m[12:44:05][0m === Check #3 ===
[0;32m[12:44:07][0m ⏳ Medium still training...
[0;32m[12:44:09][0m ⏳ Large still training...
[0;32m[12:44:09][0m Next check in 300 seconds...
[0;32m[12:44:09][0m 
[0;32m[12:47:51][0m === Check #28 ===
[0;32m[12:47:53][0m ⏳ Base still training...
[0;32m[12:47:55][0m ⏳ Medium still training...
[0;32m[12:47:57][0m ⏳ Large still training...
[0;32m[12:47:57][0m Next check in 300 seconds...
[0;32m[12:47:57][0m 
[0;32m[12:49:09][0m === Check #4 ===
[0;32m[12:49:11][0m ✓ Medium COMPLETED!
[0;32m[12:49:11][0m Downloading Medium from 34.229.252.142...
[0;32m[12:50:26][0m ✓ Medium downloaded!
[0;32m[12:50:28][0m ⏳ Large still training...
[0;32m[12:50:28][0m Next check in 300 seconds...
[0;32m[12:50:28][0m 
[0;32m[12:52:57][0m === Check #29 ===
[0;32m[12:53:04][0m ⏳ Base still training...
[0;32m[12:53:06][0m ⏳ Medium still training...
[0;32m[12:53:08][0m ⏳ Large still training...
[0;32m[12:53:08][0m Next check in 300 seconds...
[0;32m[12:53:08][0m 
[0;32m[12:55:28][0m === Check #5 ===
[0;32m[12:55:30][0m ⏳ Large still training...
[0;32m[12:55:30][0m Next check in 300 seconds...
[0;32m[12:55:30][0m 
[0;32m[12:58:08][0m === Check #30 ===
[0;32m[12:58:11][0m ⏳ Base still training...
[0;32m[12:58:13][0m ⏳ Medium still training...
[0;32m[12:58:15][0m ⏳ Large still training...
[0;32m[12:58:15][0m Next check in 300 seconds...
[0;32m[12:58:15][0m 
[0;32m[13:00:30][0m === Check #6 ===
[0;32m[13:00:32][0m ⏳ Large still training...
[0;32m[13:00:32][0m Next check in 300 seconds...
[0;32m[13:00:32][0m 
[0;32m[13:03:15][0m === Check #31 ===
[0;32m[13:03:17][0m ⏳ Base still training...
[0;32m[13:03:24][0m ⏳ Medium still training...
[0;32m[13:03:32][0m ⏳ Large still training...
[0;32m[13:03:32][0m Next check in 300 seconds...
[0;32m[13:03:32][0m 
[0;32m[13:05:32][0m === Check #7 ===
[0;32m[13:05:35][0m ⏳ Large still training...
[0;32m[13:05:35][0m Next check in 300 seconds...
[0;32m[13:05:35][0m 
[0;32m[13:08:32][0m === Check #32 ===
[0;32m[13:08:34][0m ⏳ Base still training...
[0;32m[13:08:36][0m ⏳ Medium still training...
[0;32m[13:08:38][0m ⏳ Large still training...
[0;32m[13:08:38][0m Next check in 300 seconds...
[0;32m[13:08:38][0m 
[0;32m[13:10:35][0m === Check #8 ===
[0;32m[13:10:37][0m ⏳ Large still training...
[0;32m[13:10:37][0m Next check in 300 seconds...
[0;32m[13:10:37][0m 
[0;32m[13:13:39][0m === Check #33 ===
[0;32m[13:13:41][0m ⏳ Base still training...
[0;32m[13:13:43][0m ⏳ Medium still training...
[0;32m[13:13:45][0m ⏳ Large still training...
[0;32m[13:13:45][0m Next check in 300 seconds...
[0;32m[13:13:45][0m 
[0;32m[13:15:37][0m === Check #9 ===
[0;32m[13:15:41][0m ⏳ Large still training...
[0;32m[13:15:41][0m Next check in 300 seconds...
[0;32m[13:15:41][0m 
[0;32m[13:18:45][0m === Check #34 ===
[0;32m[13:18:47][0m ⏳ Base still training...
[0;32m[13:18:50][0m ⏳ Medium still training...
[0;32m[13:18:52][0m ⏳ Large still training...
[0;32m[13:18:52][0m Next check in 300 seconds...
[0;32m[13:18:52][0m 
[0;32m[13:20:41][0m === Check #10 ===
[0;32m[13:20:45][0m ⏳ Large still training...
[0;32m[13:20:45][0m Next check in 300 seconds...
[0;32m[13:20:45][0m 
[0;32m[13:23:52][0m === Check #35 ===
[0;32m[13:23:55][0m ⏳ Base still training...
[0;32m[13:23:58][0m ⏳ Medium still training...
[0;32m[13:24:03][0m ⏳ Large still training...
[0;32m[13:24:03][0m Next check in 300 seconds...
[0;32m[13:24:03][0m 
[0;32m[13:25:45][0m === Check #11 ===
[0;32m[13:25:47][0m ⏳ Large still training...
[0;32m[13:25:47][0m Next check in 300 seconds...
[0;32m[13:25:47][0m 
[0;32m[13:29:03][0m === Check #36 ===
[0;32m[13:29:06][0m ⏳ Base still training...
[0;32m[13:29:08][0m ⏳ Medium still training...
[0;32m[13:29:11][0m ⏳ Large still training...
[0;32m[13:29:11][0m Next check in 300 seconds...
[0;32m[13:29:11][0m 
[0;32m[13:30:47][0m === Check #12 ===
[0;32m[13:30:50][0m ⏳ Large still training...
[0;32m[13:30:50][0m Next check in 300 seconds...
[0;32m[13:30:50][0m 
[0;32m[13:34:12][0m === Check #37 ===
[0;32m[13:34:14][0m ⏳ Base still training...
[0;32m[13:34:16][0m ⏳ Medium still training...
[0;32m[13:34:19][0m ⏳ Large still training...
[0;32m[13:34:19][0m Next check in 300 seconds...
[0;32m[13:34:19][0m 
[0;32m[13:35:50][0m === Check #13 ===
[0;32m[13:35:52][0m ⏳ Large still training...
[0;32m[13:35:52][0m Next check in 300 seconds...
[0;32m[13:35:52][0m 
[0;32m[13:39:19][0m === Check #38 ===
[0;32m[13:39:24][0m ⏳ Base still training...
[0;32m[13:39:27][0m ⏳ Medium still training...
[0;32m[13:39:29][0m ⏳ Large still training...
[0;32m[13:39:29][0m Next check in 300 seconds...
[0;32m[13:39:29][0m 
[0;32m[13:40:52][0m === Check #14 ===
[0;32m[13:40:56][0m ⏳ Large still training...
[0;32m[13:40:56][0m Next check in 300 seconds...
[0;32m[13:40:56][0m 
[0;32m[13:44:29][0m === Check #39 ===
[0;32m[13:44:32][0m ⏳ Base still training...
[0;32m[13:44:34][0m ⏳ Medium still training...
[0;32m[13:44:36][0m ⏳ Large still training...
[0;32m[13:44:36][0m Next check in 300 seconds...
[0;32m[13:44:36][0m 
[0;32m[13:45:56][0m === Check #15 ===
[0;32m[13:45:58][0m ⏳ Large still training...
[0;32m[13:45:58][0m Next check in 300 seconds...
[0;32m[13:45:58][0m 
[0;32m[13:49:36][0m === Check #40 ===
[0;32m[13:49:38][0m ⏳ Base still training...
[0;32m[13:49:48][0m ⏳ Medium still training...
[0;32m[13:49:50][0m ⏳ Large still training...
[0;32m[13:49:50][0m Next check in 300 seconds...
[0;32m[13:49:50][0m 
[0;32m[13:50:58][0m === Check #16 ===
[0;32m[13:51:01][0m ⏳ Large still training...
[0;32m[13:51:01][0m Next check in 300 seconds...
[0;32m[13:51:01][0m 
[0;32m[13:54:50][0m === Check #41 ===
[0;32m[13:54:52][0m ⏳ Base still training...
[0;32m[13:54:54][0m ⏳ Medium still training...
[0;32m[13:54:57][0m ⏳ Large still training...
[0;32m[13:54:57][0m Next check in 300 seconds...
[0;32m[13:54:57][0m 
[0;32m[13:56:01][0m === Check #17 ===
[0;32m[13:56:03][0m ⏳ Large still training...
[0;32m[13:56:03][0m Next check in 300 seconds...
[0;32m[13:56:03][0m 
[0;32m[13:59:57][0m === Check #42 ===
[0;32m[13:59:59][0m ⏳ Base still training...
[0;32m[14:00:01][0m ⏳ Medium still training...
[0;32m[14:00:04][0m ⏳ Large still training...
[0;32m[14:00:04][0m Next check in 300 seconds...
[0;32m[14:00:04][0m 
[0;32m[14:01:03][0m === Check #18 ===
[0;32m[14:01:07][0m ⏳ Large still training...
[0;32m[14:01:07][0m Next check in 300 seconds...
[0;32m[14:01:07][0m 
[0;32m[14:05:04][0m === Check #43 ===
[0;32m[14:05:08][0m ⏳ Base still training...
[0;32m[14:05:10][0m ⏳ Medium still training...
[0;32m[14:05:13][0m ⏳ Large still training...
[0;32m[14:05:13][0m Next check in 300 seconds...
[0;32m[14:05:13][0m 
[0;32m[14:06:07][0m === Check #19 ===
[0;32m[14:06:16][0m ⏳ Large still training...
[0;32m[14:06:16][0m Next check in 300 seconds...
[0;32m[14:06:16][0m 
[0;32m[14:10:13][0m === Check #44 ===
[0;32m[14:10:15][0m ⏳ Base still training...
[0;32m[14:10:17][0m ⏳ Medium still training...
[0;32m[14:10:27][0m ⏳ Large still training...
[0;32m[14:10:27][0m Next check in 300 seconds...
[0;32m[14:10:27][0m 
[0;32m[14:11:16][0m === Check #20 ===
[0;32m[14:11:18][0m ⏳ Large still training...
[0;32m[14:11:18][0m Next check in 300 seconds...
[0;32m[14:11:19][0m 
[0;32m[14:15:27][0m === Check #45 ===
[0;32m[14:15:30][0m ⏳ Base still training...
[0;32m[14:15:33][0m ⏳ Medium still training...
[0;32m[14:15:35][0m ⏳ Large still training...
[0;32m[14:15:35][0m Next check in 300 seconds...
[0;32m[14:15:35][0m 
[0;32m[14:16:19][0m === Check #21 ===
[0;32m[14:16:20][0m ⏳ Large still training...
[0;32m[14:16:20][0m Next check in 300 seconds...
[0;32m[14:16:20][0m 
[0;32m[14:20:35][0m === Check #46 ===
[0;32m[14:20:37][0m ⏳ Base still training...
[0;32m[14:20:40][0m ⏳ Medium still training...
[0;32m[14:20:42][0m ⏳ Large still training...
[0;32m[14:20:42][0m Next check in 300 seconds...
[0;32m[14:20:42][0m 
[0;32m[14:21:21][0m === Check #22 ===
[0;32m[14:21:24][0m ⏳ Large still training...
[0;32m[14:21:24][0m Next check in 300 seconds...
[0;32m[14:21:24][0m 
[0;32m[14:25:42][0m === Check #47 ===
[0;32m[14:25:44][0m ⏳ Base still training...
[0;32m[14:25:46][0m ⏳ Medium still training...
[0;32m[14:25:48][0m ⏳ Large still training...
[0;32m[14:25:49][0m Next check in 300 seconds...
[0;32m[14:25:49][0m 
[0;32m[14:26:24][0m === Check #23 ===
[0;32m[14:26:26][0m ⏳ Large still training...
[0;32m[14:26:26][0m Next check in 300 seconds...
[0;32m[14:26:26][0m 
[0;32m[14:30:49][0m === Check #48 ===
[0;32m[14:30:51][0m ⏳ Base still training...
[0;32m[14:30:54][0m ⏳ Medium still training...
[0;32m[14:30:57][0m ⏳ Large still training...
[0;32m[14:30:57][0m Next check in 300 seconds...
[0;32m[14:30:57][0m 
[0;32m[14:31:26][0m === Check #24 ===
[0;32m[14:31:28][0m ⏳ Large still training...
[0;32m[14:31:28][0m Next check in 300 seconds...
[0;32m[14:31:28][0m 
[0;32m[14:35:57][0m === Check #49 ===
[0;32m[14:35:59][0m ⏳ Base still training...
[0;32m[14:36:01][0m ⏳ Medium still training...
[0;32m[14:36:03][0m ⏳ Large still training...
[0;32m[14:36:03][0m Next check in 300 seconds...
[0;32m[14:36:03][0m 
[0;32m[14:36:28][0m === Check #25 ===
[0;32m[14:36:37][0m ⏳ Large still training...
[0;32m[14:36:37][0m Next check in 300 seconds...
[0;32m[14:36:37][0m 
[0;32m[14:41:04][0m === Check #50 ===
[0;32m[14:41:06][0m ⏳ Base still training...
[0;32m[14:41:08][0m ⏳ Medium still training...
[0;32m[14:41:10][0m ⏳ Large still training...
[0;32m[14:41:10][0m Next check in 300 seconds...
[0;32m[14:41:10][0m 
[0;32m[14:41:37][0m === Check #26 ===
[0;32m[14:41:39][0m ⏳ Large still training...
[0;32m[14:41:39][0m Next check in 300 seconds...
[0;32m[14:41:39][0m 
[0;32m[14:46:10][0m === Check #51 ===
[0;32m[14:46:18][0m ⏳ Base still training...
[0;32m[14:46:20][0m ⏳ Medium still training...
[0;32m[14:46:22][0m ⏳ Large still training...
[0;32m[14:46:22][0m Next check in 300 seconds...
[0;32m[14:46:22][0m 
[0;32m[14:46:39][0m === Check #27 ===
[0;32m[14:46:41][0m ⏳ Large still training...
[0;32m[14:46:41][0m Next check in 300 seconds...
[0;32m[14:46:41][0m 
[0;32m[14:51:22][0m === Check #52 ===
[0;32m[14:51:26][0m ⏳ Base still training...
[0;32m[14:51:28][0m ⏳ Medium still training...
[0;32m[14:51:31][0m ⏳ Large still training...
[0;32m[14:51:31][0m Next check in 300 seconds...
[0;32m[14:51:31][0m 
[0;32m[14:51:42][0m === Check #28 ===
[0;32m[14:51:43][0m ⏳ Large still training...
[0;32m[14:51:43][0m Next check in 300 seconds...
[0;32m[14:51:43][0m 
[0;32m[14:56:31][0m === Check #53 ===
[0;32m[14:56:33][0m ⏳ Base still training...
[0;32m[14:56:37][0m ⏳ Medium still training...
[0;32m[14:56:40][0m ⏳ Large still training...
[0;32m[14:56:40][0m Next check in 300 seconds...
[0;32m[14:56:40][0m 
[0;32m[14:56:43][0m === Check #29 ===
[0;32m[14:56:45][0m ⏳ Large still training...
[0;32m[14:56:45][0m Next check in 300 seconds...
[0;32m[14:56:45][0m 
[0;32m[15:01:40][0m === Check #54 ===
[0;32m[15:01:43][0m ⏳ Base still training...
[0;32m[15:01:45][0m ⏳ Medium still training...
[0;32m[15:01:45][0m === Check #30 ===
[0;32m[15:01:47][0m ⏳ Large still training...
[0;32m[15:01:47][0m Next check in 300 seconds...
[0;32m[15:01:47][0m 
[0;32m[15:01:47][0m ⏳ Large still training...
[0;32m[15:01:47][0m Next check in 300 seconds...
[0;32m[15:01:47][0m 
[0;32m[15:06:47][0m === Check #55 ===
[0;32m[15:06:47][0m === Check #31 ===
[0;32m[15:06:49][0m ⏳ Base still training...
[0;32m[15:06:49][0m ⏳ Large still training...
[0;32m[15:06:49][0m Next check in 300 seconds...
[0;32m[15:06:49][0m 
[0;32m[15:06:51][0m ⏳ Medium still training...
[0;32m[15:06:55][0m ⏳ Large still training...
[0;32m[15:06:55][0m Next check in 300 seconds...
[0;32m[15:06:55][0m 
[0;32m[15:11:49][0m === Check #32 ===
[0;32m[15:11:55][0m === Check #56 ===
[0;32m[15:11:59][0m ⏳ Base still training...
[0;32m[15:12:00][0m ⏳ Large still training...
[0;32m[15:12:00][0m Next check in 300 seconds...
[0;32m[15:12:00][0m 
[0;32m[15:12:02][0m ⏳ Medium still training...
[0;32m[15:12:04][0m ⏳ Large still training...
[0;32m[15:12:04][0m Next check in 300 seconds...
[0;32m[15:12:04][0m 
[0;32m[15:17:00][0m === Check #33 ===
[0;32m[15:17:04][0m === Check #57 ===
[0;32m[15:17:06][0m ⏳ Base still training...
[0;32m[15:17:09][0m ⏳ Medium still training...
[0;32m[15:17:09][0m ⏳ Large still training...
[0;32m[15:17:09][0m Next check in 300 seconds...
[0;32m[15:17:09][0m 
[0;32m[15:17:10][0m ⏳ Large still training...
[0;32m[15:17:10][0m Next check in 300 seconds...
[0;32m[15:17:10][0m 
[0;32m[15:22:09][0m === Check #34 ===
[0;32m[15:22:11][0m === Check #58 ===
[0;32m[15:22:11][0m ⏳ Large still training...
[0;32m[15:22:11][0m Next check in 300 seconds...
[0;32m[15:22:11][0m 
[0;32m[15:22:13][0m ⏳ Base still training...
[0;32m[15:22:15][0m ⏳ Medium still training...
[0;32m[15:22:18][0m ⏳ Large still training...
[0;32m[15:22:18][0m Next check in 300 seconds...
[0;32m[15:22:18][0m 
[0;32m[15:27:11][0m === Check #35 ===
[0;32m[15:27:15][0m ⏳ Large still training...
[0;32m[15:27:15][0m Next check in 300 seconds...
[0;32m[15:27:15][0m 
[0;32m[15:27:18][0m === Check #59 ===
[0;32m[15:27:24][0m ⏳ Base still training...
[0;32m[15:27:26][0m ⏳ Medium still training...
[0;32m[15:27:28][0m ⏳ Large still training...
[0;32m[15:27:28][0m Next check in 300 seconds...
[0;32m[15:27:28][0m 
[0;32m[15:32:15][0m === Check #36 ===
[0;32m[15:32:24][0m ⏳ Large still training...
[0;32m[15:32:24][0m Next check in 300 seconds...
[0;32m[15:32:24][0m 
[0;32m[15:32:28][0m === Check #60 ===
[0;32m[15:32:31][0m ⏳ Base still training...
[0;32m[15:32:33][0m ⏳ Medium still training...
[0;32m[15:32:35][0m ⏳ Large still training...
[0;32m[15:32:35][0m Next check in 300 seconds...
[0;32m[15:32:35][0m 
[0;32m[15:37:24][0m === Check #37 ===
[0;32m[15:37:34][0m ⏳ Large still training...
[0;32m[15:37:34][0m Next check in 300 seconds...
[0;32m[15:37:34][0m 
[0;32m[15:37:35][0m === Check #61 ===
[0;32m[15:37:38][0m ⏳ Base still training...
[0;32m[15:37:40][0m ⏳ Medium still training...
[0;32m[15:37:50][0m ⏳ Large still training...
[0;32m[15:37:50][0m Next check in 300 seconds...
[0;32m[15:37:50][0m 
[0;32m[15:42:34][0m === Check #38 ===
[0;32m[15:42:37][0m ⏳ Large still training...
[0;32m[15:42:37][0m Next check in 300 seconds...
[0;32m[15:42:37][0m 
[0;32m[15:42:50][0m === Check #62 ===
[0;32m[15:42:52][0m ⏳ Base still training...
[0;32m[15:42:54][0m ⏳ Medium still training...
[0;32m[15:42:56][0m ⏳ Large still training...
[0;32m[15:42:56][0m Next check in 300 seconds...
[0;32m[15:42:56][0m 
[0;32m[15:47:37][0m === Check #39 ===
[0;32m[15:47:39][0m ⏳ Large still training...
[0;32m[15:47:39][0m Next check in 300 seconds...
[0;32m[15:47:39][0m 
[0;32m[15:47:56][0m === Check #63 ===
[0;32m[15:47:58][0m ⏳ Base still training...
[0;32m[15:48:00][0m ⏳ Medium still training...
[0;32m[15:48:02][0m ⏳ Large still training...
[0;32m[15:48:02][0m Next check in 300 seconds...
[0;32m[15:48:02][0m 
[0;32m[15:52:39][0m === Check #40 ===
[0;32m[15:52:42][0m ⏳ Large still training...
[0;32m[15:52:42][0m Next check in 300 seconds...
[0;32m[15:52:42][0m 
[0;32m[15:53:02][0m === Check #64 ===
[0;32m[15:53:05][0m ⏳ Base still training...
[0;32m[15:53:07][0m ⏳ Medium still training...
[0;32m[15:53:09][0m ⏳ Large still training...
[0;32m[15:53:09][0m Next check in 300 seconds...
[0;32m[15:53:09][0m 
[0;32m[15:57:42][0m === Check #41 ===
[0;32m[15:57:44][0m ⏳ Large still training...
[0;32m[15:57:44][0m Next check in 300 seconds...
[0;32m[15:57:44][0m 
[0;32m[15:58:09][0m === Check #65 ===
[0;32m[15:58:11][0m ⏳ Base still training...
[0;32m[15:58:13][0m ⏳ Medium still training...
[0;32m[15:58:15][0m ⏳ Large still training...
[0;32m[15:58:15][0m Next check in 300 seconds...
[0;32m[15:58:15][0m 
[0;32m[16:02:44][0m === Check #42 ===
[0;32m[16:02:50][0m ⏳ Large still training...
[0;32m[16:02:50][0m Next check in 300 seconds...
[0;32m[16:02:50][0m 
[0;32m[16:03:15][0m === Check #66 ===
[0;32m[16:03:19][0m ⏳ Base still training...
[0;32m[16:03:25][0m ⏳ Medium still training...
[0;32m[16:03:27][0m ⏳ Large still training...
[0;32m[16:03:27][0m Next check in 300 seconds...
[0;32m[16:03:27][0m 
[0;32m[16:07:50][0m === Check #43 ===
[0;32m[16:07:52][0m ⏳ Large still training...
[0;32m[16:07:52][0m Next check in 300 seconds...
[0;32m[16:07:52][0m 
[0;32m[16:08:27][0m === Check #67 ===
[0;32m[16:08:29][0m ⏳ Base still training...
[0;32m[16:08:31][0m ⏳ Medium still training...
[0;32m[16:08:33][0m ⏳ Large still training...
[0;32m[16:08:33][0m Next check in 300 seconds...
[0;32m[16:08:33][0m 
[0;32m[16:12:52][0m === Check #44 ===
[0;32m[16:12:54][0m ⏳ Large still training...
[0;32m[16:12:54][0m Next check in 300 seconds...
[0;32m[16:12:54][0m 
[0;32m[16:13:33][0m === Check #68 ===
[0;32m[16:13:35][0m ⏳ Base still training...
[0;32m[16:13:37][0m ⏳ Medium still training...
[0;32m[16:13:39][0m ⏳ Large still training...
[0;32m[16:13:39][0m Next check in 300 seconds...
[0;32m[16:13:39][0m 
[0;32m[16:17:54][0m === Check #45 ===
[0;32m[16:17:56][0m ⏳ Large still training...
[0;32m[16:17:56][0m Next check in 300 seconds...
[0;32m[16:17:56][0m 
[0;32m[16:18:39][0m === Check #69 ===
[0;32m[16:18:42][0m ⏳ Base still training...
[0;32m[16:18:44][0m ⏳ Medium still training...
[0;32m[16:18:45][0m ⏳ Large still training...
[0;32m[16:18:46][0m Next check in 300 seconds...
[0;32m[16:18:46][0m 
[0;32m[16:22:57][0m === Check #46 ===
[0;32m[16:22:59][0m ⏳ Large still training...
[0;32m[16:22:59][0m Next check in 300 seconds...
[0;32m[16:22:59][0m 
[0;32m[16:23:46][0m === Check #70 ===
[0;32m[16:23:51][0m ⏳ Base still training...
[0;32m[16:23:54][0m ⏳ Medium still training...
[0;32m[16:23:56][0m ⏳ Large still training...
[0;32m[16:23:56][0m Next check in 300 seconds...
[0;32m[16:23:56][0m 
[0;32m[16:28:00][0m === Check #47 ===
[0;32m[16:28:02][0m ⏳ Large still training...
[0;32m[16:28:02][0m Next check in 300 seconds...
[0;32m[16:28:02][0m 
[0;32m[16:28:56][0m === Check #71 ===
[0;32m[16:28:58][0m ⏳ Base still training...
[0;32m[16:29:00][0m ⏳ Medium still training...
[0;32m[16:29:02][0m ⏳ Large still training...
[0;32m[16:29:02][0m Next check in 300 seconds...
[0;32m[16:29:02][0m 
[0;32m[16:33:02][0m === Check #48 ===
[0;32m[16:33:04][0m ⏳ Large still training...
[0;32m[16:33:04][0m Next check in 300 seconds...
[0;32m[16:33:04][0m 
[0;32m[16:34:02][0m === Check #72 ===
[0;32m[16:34:04][0m ⏳ Base still training...
[0;32m[16:34:07][0m ⏳ Medium still training...
[0;32m[16:34:09][0m ⏳ Large still training...
[0;32m[16:34:09][0m Next check in 300 seconds...
[0;32m[16:34:09][0m 
[0;32m[16:38:05][0m === Check #49 ===
[0;32m[16:38:07][0m ⏳ Large still training...
[0;32m[16:38:07][0m Next check in 300 seconds...
[0;32m[16:38:07][0m 
[0;32m[16:39:09][0m === Check #73 ===
[0;32m[16:39:11][0m ⏳ Base still training...
[0;32m[16:39:13][0m ⏳ Medium still training...
[0;32m[16:39:16][0m ⏳ Large still training...
[0;32m[16:39:16][0m Next check in 300 seconds...
[0;32m[16:39:16][0m 
[0;32m[16:43:07][0m === Check #50 ===
[0;32m[16:43:09][0m ⏳ Large still training...
[0;32m[16:43:09][0m Next check in 300 seconds...
[0;32m[16:43:09][0m 
[0;32m[16:44:16][0m === Check #74 ===
[0;32m[16:44:18][0m ⏳ Base still training...
[0;32m[16:44:20][0m ⏳ Medium still training...
[0;32m[16:44:23][0m ⏳ Large still training...
[0;32m[16:44:23][0m Next check in 300 seconds...
[0;32m[16:44:23][0m 
[0;32m[16:48:09][0m === Check #51 ===
[0;32m[16:48:11][0m ⏳ Large still training...
[0;32m[16:48:11][0m Next check in 300 seconds...
[0;32m[16:48:11][0m 
[0;32m[16:49:23][0m === Check #75 ===
[0;32m[16:49:25][0m ⏳ Base still training...
[0;32m[16:49:27][0m ⏳ Medium still training...
[0;32m[16:49:29][0m ⏳ Large still training...
[0;32m[16:49:29][0m Next check in 300 seconds...
[0;32m[16:49:29][0m 
[0;32m[16:53:12][0m === Check #52 ===
[0;32m[16:53:14][0m ⏳ Large still training...
[0;32m[16:53:14][0m Next check in 300 seconds...
[0;32m[16:53:14][0m 
[0;32m[16:54:29][0m === Check #76 ===
[0;32m[16:54:31][0m ⏳ Base still training...
[0;32m[16:54:34][0m ⏳ Medium still training...
[0;32m[16:54:36][0m ⏳ Large still training...
[0;32m[16:54:36][0m Next check in 300 seconds...
[0;32m[16:54:36][0m 
[0;32m[16:58:14][0m === Check #53 ===
[0;32m[16:58:16][0m ⏳ Large still training...
[0;32m[16:58:17][0m Next check in 300 seconds...
[0;32m[16:58:17][0m 
[0;32m[16:59:36][0m === Check #77 ===
[0;32m[16:59:38][0m ⏳ Base still training...
[0;32m[16:59:40][0m ⏳ Medium still training...
[0;32m[16:59:42][0m ⏳ Large still training...
[0;32m[16:59:42][0m Next check in 300 seconds...
[0;32m[16:59:42][0m 
[0;32m[17:03:17][0m === Check #54 ===
[0;32m[17:03:21][0m ⏳ Large still training...
[0;32m[17:03:21][0m Next check in 300 seconds...
[0;32m[17:03:21][0m 
[0;32m[17:04:42][0m === Check #78 ===
[0;32m[17:04:45][0m ⏳ Base still training...
[0;32m[17:04:47][0m ⏳ Medium still training...
[0;32m[17:04:49][0m ⏳ Large still training...
[0;32m[17:04:49][0m Next check in 300 seconds...
[0;32m[17:04:49][0m 
[0;32m[17:08:21][0m === Check #55 ===
[0;32m[17:08:31][0m ⏳ Large still training...
[0;32m[17:08:31][0m Next check in 300 seconds...
[0;32m[17:08:31][0m 
[0;32m[17:09:49][0m === Check #79 ===
[0;32m[17:09:51][0m ⏳ Base still training...
[0;32m[17:09:53][0m ⏳ Medium still training...
[0;32m[17:10:02][0m ⏳ Large still training...
[0;32m[17:10:02][0m Next check in 300 seconds...
[0;32m[17:10:03][0m 
[0;32m[17:13:31][0m === Check #56 ===
[0;32m[17:13:34][0m ⏳ Large still training...
[0;32m[17:13:34][0m Next check in 300 seconds...
[0;32m[17:13:34][0m 
[0;32m[17:15:03][0m === Check #80 ===
[0;32m[17:15:13][0m ⏳ Base still training...
[0;32m[17:15:15][0m ⏳ Medium still training...
[0;32m[17:15:17][0m ⏳ Large still training...
[0;32m[17:15:17][0m Next check in 300 seconds...
[0;32m[17:15:17][0m 
[0;32m[17:18:34][0m === Check #57 ===
[0;32m[17:18:37][0m ⏳ Large still training...
[0;32m[17:18:37][0m Next check in 300 seconds...
[0;32m[17:18:37][0m 
[0;32m[17:20:17][0m === Check #81 ===
[0;32m[17:20:19][0m ⏳ Base still training...
[0;32m[17:20:22][0m ⏳ Medium still training...
[0;32m[17:20:24][0m ⏳ Large still training...
[0;32m[17:20:24][0m Next check in 300 seconds...
[0;32m[17:20:24][0m 
[0;32m[17:23:37][0m === Check #58 ===
[0;32m[17:23:43][0m ⏳ Large still training...
[0;32m[17:23:43][0m Next check in 300 seconds...
[0;32m[17:23:43][0m 
[0;32m[17:25:24][0m === Check #82 ===
[0;32m[17:25:26][0m ⏳ Base still training...
[0;32m[17:25:28][0m ⏳ Medium still training...
[0;32m[17:25:38][0m ⏳ Large still training...
[0;32m[17:25:38][0m Next check in 300 seconds...
[0;32m[17:25:38][0m 
[0;32m[17:28:43][0m === Check #59 ===
[0;32m[17:28:53][0m ⏳ Large still training...
[0;32m[17:28:53][0m Next check in 300 seconds...
[0;32m[17:28:53][0m 
[0;32m[17:30:38][0m === Check #83 ===
[0;32m[17:30:40][0m ⏳ Base still training...
[0;32m[17:30:42][0m ⏳ Medium still training...
[0;32m[17:30:44][0m ⏳ Large still training...
[0;32m[17:30:44][0m Next check in 300 seconds...
[0;32m[17:30:44][0m 
[0;32m[17:33:53][0m === Check #60 ===
[0;32m[17:33:56][0m ✓ Large COMPLETED!
[0;32m[17:33:56][0m Downloading Large from 54.91.159.93...
[0;32m[17:35:14][0m ✓ Large downloaded!
[0;32m[17:35:15][0m 
[0;32m[17:35:15][0m 🎉 ALL MODELS COMPLETED!
[0;32m[17:35:15][0m Stopping instances...
{
    "StoppingInstances": [
        {
            "InstanceId": "i-0855711efcac25a9c",
            "CurrentState": {
                "Code": 64,
                "Name": "stopping"
            },
            "PreviousState": {
                "Code": 16,
                "Name": "running"
            }
        },
        {
            "InstanceId": "i-04dc6f51534d8185d",
            "CurrentState": {
                "Code": 64,
                "Name": "stopping"
            },
            "PreviousState": {
                "Code": 16,
                "Name": "running"
            }
        },
        {
            "InstanceId": "i-0eea77c3bbf1ea976",
            "CurrentState": {
                "Code": 64,
                "Name": "stopping"
            },
            "PreviousState": {
                "Code": 16,
                "Name": "running"
            }
        }
    ]
}
[0;32m[17:35:26][0m ✓ Instances stopping!
[0;32m[17:35:26][0m Models in: ./output/
[0;32m[17:35:45][0m === Check #84 ===
[0;32m[17:35:55][0m ⏳ Base still training...
[0;32m[17:36:05][0m ⏳ Medium still training...
[0;32m[17:36:15][0m ⏳ Large still training...
[0;32m[17:36:15][0m Next check in 300 seconds...
[0;32m[17:36:15][0m 
[0;32m[17:41:15][0m === Check #85 ===
[0;32m[17:41:25][0m ⏳ Base still training...
[0;32m[17:41:36][0m ⏳ Medium still training...
[0;32m[17:41:46][0m ⏳ Large still training...
[0;32m[17:41:46][0m Next check in 300 seconds...
[0;32m[17:41:46][0m 
[0;32m[17:46:46][0m === Check #86 ===
[0;32m[17:46:56][0m ⏳ Base still training...
[0;32m[17:47:06][0m ⏳ Medium still training...
[0;32m[17:47:16][0m ⏳ Large still training...
[0;32m[17:47:16][0m Next check in 300 seconds...
[0;32m[17:47:16][0m 
[0;32m[17:52:16][0m === Check #87 ===
[0;32m[17:52:27][0m ⏳ Base still training...
[0;32m[17:52:37][0m ⏳ Medium still training...
[0;32m[17:52:47][0m ⏳ Large still training...
[0;32m[17:52:47][0m Next check in 300 seconds...
[0;32m[17:52:47][0m 
[0;32m[17:57:47][0m === Check #88 ===
[0;32m[17:57:57][0m ⏳ Base still training...
[0;32m[17:58:07][0m ⏳ Medium still training...
[0;32m[17:58:17][0m ⏳ Large still training...
[0;32m[17:58:17][0m Next check in 300 seconds...
[0;32m[17:58:17][0m 
[0;32m[18:03:17][0m === Check #89 ===
[0;32m[18:03:28][0m ⏳ Base still training...
[0;32m[18:03:38][0m ⏳ Medium still training...
[0;32m[18:03:48][0m ⏳ Large still training...
[0;32m[18:03:48][0m Next check in 300 seconds...
[0;32m[18:03:48][0m 
[0;32m[18:08:48][0m === Check #90 ===
[0;32m[18:08:58][0m ⏳ Base still training...
[0;32m[18:09:08][0m ⏳ Medium still training...
[0;32m[18:09:18][0m ⏳ Large still training...
[0;32m[18:09:18][0m Next check in 300 seconds...
[0;32m[18:09:18][0m 
[0;32m[18:14:19][0m === Check #91 ===
[0;32m[18:14:29][0m ⏳ Base still training...
[0;32m[18:14:39][0m ⏳ Medium still training...
[0;32m[18:14:49][0m ⏳ Large still training...
[0;32m[18:14:49][0m Next check in 300 seconds...
[0;32m[18:14:49][0m 
[0;32m[18:19:49][0m === Check #92 ===
[0;32m[18:19:59][0m ⏳ Base still training...
[0;32m[18:20:09][0m ⏳ Medium still training...
[0;32m[18:20:19][0m ⏳ Large still training...
[0;32m[18:20:19][0m Next check in 300 seconds...
[0;32m[18:20:19][0m 
[0;32m[18:25:20][0m === Check #93 ===
[0;32m[18:25:30][0m ⏳ Base still training...
[0;32m[18:25:40][0m ⏳ Medium still training...
[0;32m[18:25:50][0m ⏳ Large still training...
[0;32m[18:25:50][0m Next check in 300 seconds...
[0;32m[18:25:50][0m 
[0;32m[18:30:50][0m === Check #94 ===
[0;32m[18:31:00][0m ⏳ Base still training...
[0;32m[18:31:10][0m ⏳ Medium still training...
[0;32m[18:31:20][0m ⏳ Large still training...
[0;32m[18:31:20][0m Next check in 300 seconds...
[0;32m[18:31:20][0m 
[0;32m[18:36:21][0m === Check #95 ===
[0;32m[18:36:31][0m ⏳ Base still training...
[0;32m[18:36:41][0m ⏳ Medium still training...
[0;32m[18:36:51][0m ⏳ Large still training...
[0;32m[18:36:51][0m Next check in 300 seconds...
[0;32m[18:36:51][0m 
[0;32m[18:41:52][0m === Check #96 ===
[0;32m[18:42:02][0m ⏳ Base still training...
[0;32m[18:42:12][0m ⏳ Medium still training...
[0;32m[18:42:22][0m ⏳ Large still training...
[0;32m[18:42:22][0m Next check in 300 seconds...
[0;32m[18:42:22][0m 
[0;32m[18:47:23][0m === Check #97 ===
[0;32m[18:47:33][0m ⏳ Base still training...
[0;32m[18:47:43][0m ⏳ Medium still training...
[0;32m[18:47:53][0m ⏳ Large still training...
[0;32m[18:47:53][0m Next check in 300 seconds...
[0;32m[18:47:53][0m 
[0;32m[18:52:54][0m === Check #98 ===
[0;32m[18:53:04][0m ⏳ Base still training...
[0;32m[18:53:14][0m ⏳ Medium still training...
[0;32m[18:53:25][0m ⏳ Large still training...
[0;32m[18:53:25][0m Next check in 300 seconds...
[0;32m[18:53:25][0m 
[0;32m[18:58:25][0m === Check #99 ===
[0;32m[18:58:35][0m ⏳ Base still training...
[0;32m[18:58:46][0m ⏳ Medium still training...
[0;32m[18:58:56][0m ⏳ Large still training...
[0;32m[18:58:56][0m Next check in 300 seconds...
[0;32m[18:58:56][0m 
[0;32m[19:03:56][0m === Check #100 ===
[0;32m[19:04:06][0m ⏳ Base still training...
[0;32m[19:04:17][0m ⏳ Medium still training...
[0;32m[19:04:27][0m ⏳ Large still training...
[0;32m[19:04:27][0m Next check in 300 seconds...
[0;32m[19:04:27][0m 
[0;32m[19:09:27][0m === Check #101 ===
[0;32m[19:09:37][0m ⏳ Base still training...
[0;32m[19:09:48][0m ⏳ Medium still training...
[0;32m[19:09:58][0m ⏳ Large still training...
[0;32m[19:09:58][0m Next check in 300 seconds...
[0;32m[19:09:58][0m 
[0;32m[19:14:58][0m === Check #102 ===
[0;32m[19:15:09][0m ⏳ Base still training...
[0;32m[19:15:19][0m ⏳ Medium still training...
[0;32m[19:15:29][0m ⏳ Large still training...
[0;32m[19:15:29][0m Next check in 300 seconds...
[0;32m[19:15:29][0m 
[0;32m[19:20:29][0m === Check #103 ===
[0;32m[19:20:40][0m ⏳ Base still training...
[0;32m[19:20:50][0m ⏳ Medium still training...
[0;32m[19:21:00][0m ⏳ Large still training...
[0;32m[19:21:00][0m Next check in 300 seconds...
[0;32m[19:21:00][0m 
[0;32m[19:26:00][0m === Check #104 ===
[0;32m[19:26:10][0m ⏳ Base still training...
[0;32m[19:26:20][0m ⏳ Medium still training...
[0;32m[19:26:31][0m ⏳ Large still training...
[0;32m[19:26:31][0m Next check in 300 seconds...
[0;32m[19:26:31][0m 
[0;32m[19:31:31][0m === Check #105 ===
[0;32m[19:31:41][0m ⏳ Base still training...
[0;32m[19:31:51][0m ⏳ Medium still training...
[0;32m[19:32:01][0m ⏳ Large still training...
[0;32m[19:32:01][0m Next check in 300 seconds...
[0;32m[19:32:01][0m 
[0;32m[19:37:01][0m === Check #106 ===
[0;32m[19:37:11][0m ⏳ Base still training...
[0;32m[19:37:22][0m ⏳ Medium still training...
[0;32m[19:37:32][0m ⏳ Large still training...
[0;32m[19:37:32][0m Next check in 300 seconds...
[0;32m[19:37:32][0m 
[0;32m[19:42:32][0m === Check #107 ===
[0;32m[19:42:42][0m ⏳ Base still training...
[0;32m[19:42:52][0m ⏳ Medium still training...
[0;32m[19:43:02][0m ⏳ Large still training...
[0;32m[19:43:02][0m Next check in 300 seconds...
[0;32m[19:43:02][0m 
[0;32m[19:48:02][0m === Check #108 ===
[0;32m[19:48:12][0m ⏳ Base still training...
[0;32m[19:48:23][0m ⏳ Medium still training...
[0;32m[19:48:33][0m ⏳ Large still training...
[0;32m[19:48:33][0m Next check in 300 seconds...
[0;32m[19:48:33][0m 
[0;32m[19:53:33][0m === Check #109 ===
[0;32m[19:53:43][0m ⏳ Base still training...
[0;32m[19:53:53][0m ⏳ Medium still training...
[0;32m[19:54:03][0m ⏳ Large still training...
[0;32m[19:54:03][0m Next check in 300 seconds...
[0;32m[19:54:03][0m 
[0;32m[19:59:03][0m === Check #110 ===
[0;32m[19:59:14][0m ⏳ Base still training...
[0;32m[19:59:24][0m ⏳ Medium still training...
[0;32m[19:59:34][0m ⏳ Large still training...
[0;32m[19:59:34][0m Next check in 300 seconds...
[0;32m[19:59:34][0m 
[0;32m[20:04:34][0m === Check #111 ===
[0;32m[20:04:44][0m ⏳ Base still training...
[0;32m[20:04:54][0m ⏳ Medium still training...
[0;32m[20:05:04][0m ⏳ Large still training...
[0;32m[20:05:04][0m Next check in 300 seconds...
[0;32m[20:05:04][0m 
[0;32m[20:10:04][0m === Check #112 ===
[0;32m[20:10:15][0m ⏳ Base still training...
[0;32m[20:10:25][0m ⏳ Medium still training...
[0;32m[20:10:35][0m ⏳ Large still training...
[0;32m[20:10:35][0m Next check in 300 seconds...
[0;32m[20:10:35][0m 
[0;32m[20:15:35][0m === Check #113 ===
[0;32m[20:15:45][0m ⏳ Base still training...
[0;32m[20:15:55][0m ⏳ Medium still training...
[0;32m[20:16:05][0m ⏳ Large still training...
[0;32m[20:16:05][0m Next check in 300 seconds...
[0;32m[20:16:05][0m 
[0;32m[20:21:05][0m === Check #114 ===
[0;32m[20:21:15][0m ⏳ Base still training...
[0;32m[20:21:26][0m ⏳ Medium still training...
[0;32m[20:21:36][0m ⏳ Large still training...
[0;32m[20:21:36][0m Next check in 300 seconds...
[0;32m[20:21:36][0m 
[0;32m[20:26:36][0m === Check #115 ===
[0;32m[20:26:46][0m ⏳ Base still training...
[0;32m[20:26:56][0m ⏳ Medium still training...
[0;32m[20:27:06][0m ⏳ Large still training...
[0;32m[20:27:06][0m Next check in 300 seconds...
[0;32m[20:27:06][0m 
[0;32m[20:32:06][0m === Check #116 ===
[0;32m[20:32:16][0m ⏳ Base still training...
[0;32m[20:32:26][0m ⏳ Medium still training...
[0;32m[20:32:36][0m ⏳ Large still training...
[0;32m[20:32:36][0m Next check in 300 seconds...
[0;32m[20:32:36][0m 
[0;32m[20:37:36][0m === Check #117 ===
[0;32m[20:37:47][0m ⏳ Base still training...
[0;32m[20:37:57][0m ⏳ Medium still training...
[0;32m[20:38:07][0m ⏳ Large still training...
[0;32m[20:38:07][0m Next check in 300 seconds...
[0;32m[20:38:07][0m 
[0;32m[20:43:07][0m === Check #118 ===
[0;32m[20:43:17][0m ⏳ Base still training...
[0;32m[20:43:27][0m ⏳ Medium still training...
      0 [main] bash (93968) child_copy: cygheap read copy failed, 0x0..0x80000DF50, done 0, windows pid 93968, Win32 error 299
      1 [main] bash 1828 dofork: child -1 - forked process 93968 died unexpectedly, retry 0, exit code 0xC0000142, errno 11
monitor_training.sh: fork: retry: Resource temporarily unavailable
      0 [main] bash (90760) child_copy: cygheap read copy failed, 0x0..0x80000DF50, done 0, windows pid 90760, Win32 error 299
8456426 [main] bash 1828 dofork: child -1 - forked process 90760 died unexpectedly, retry 0, exit code 0xC0000142, errno 11
monitor_training.sh: fork: retry: Resource temporarily unavailable
      0 [main] bash (94428) child_copy: cygheap read copy failed, 0x0..0x80000DF50, done 0, windows pid 94428, Win32 error 299
14920310 [main] bash 1828 dofork: child -1 - forked process 94428 died unexpectedly, retry 0, exit code 0xC0000142, errno 11
monitor_training.sh: fork: retry: Resource temporarily unavailable
[0;32m[20:44:04][0m ⏳ Large still training...
[0;32m[20:44:04][0m Next check in 300 seconds...
[0;32m[20:44:04][0m 
